<?xml version="1.0" encoding="UTF-8"?>
<dataset>
    <user id="1" email="edu@gmail.com" lastName="frades" name="edu"  uuid="1695b78b-7218-4e53-897b-51d29c250965"/>
    <user id="2" email="juan@gmail.com" lastName="perez" name="juan"  uuid="2695b78b-7218-4e53-897b-51d29c250912"/>

    <layout id="1"  name="test1" data="&lt;div1/&gt;" user_id="1" uuid="3695b78b-7218-4e53-897b-51d29c250912"/>
    <layout id="2" name="test2" data="div1" uuid="4695b78b-7218-4e53-897b-51d29c250911" />
    <layout id="3" name="test3" data="div1" uuid="5695b78b-7218-4e53-897b-51d29c250933" />

    <page name="pagina 1" layout_id="1" user_id="1"/>

</dataset>
